import test.TestCase;

function checkWithNormalCall() {
   var x = 0;
   var y = 1;
   
   assert !isVariableInScope(x, y);
}

function checkWithClosureCall() {
   var x = 0;
   var func = (a, b) -> isVariableInScope(a, b);
   
   assert !func(1,2);
}

function isVariableInScope(a, b) {
   try {
      x++;
      return true;
   }catch(e){
      e.printStackTrace();
   }
   return false;
   
}

class FunctionScopeTest with TestCase {

   testScopeOfCalls() {
      checkWithNormalCall();
      checkWithClosureCall();
   }
}
new FunctionScopeTest().runTests();
