import util.stream.Collectors;
import util.stream.Collectors;
import util.stream.Collectors;
import util.stream.Collectors;
import util.stream.Collectors;
import util.stream.Collectors;
import util.stream.Collectors;
import util.stream.Collectors;
import util.stream.Collectors;
import util.stream.Collectors;
import util.stream.Collectors;
import util.stream.Collectors;
import util.stream.Collectors;
import util.stream.Collectors;
import util.stream.Collectors;
import util.stream.Collectors;
import util.stream.Collectors;
import util.stream.Collectors;
import util.stream.Collectors;
import util.stream.Collectors;
import util.stream.Collectors;
import util.stream.Collectors;
import util.stream.Collectors;
