var l: List<Map<?,String>>=new ArrayList<Map<?,String>>();
println(l);
for(i in 0..10){
   println(i.class);
   l.add({i:"value=${i}"});
}
println(l);
println(l.get(1));
println(l.get(1).keySet());
println(l.get(1).entrySet().iterator().next().getKey().class);
println(l.get(1L));
println(l.get(1L).get(1L));

l.get(1).entrySet().iterator().next().getValue().logValue();
