
let x = 10;

unless(x == 10){
   println(x);
}

unless(x == 1){
   println('xx');
}

func foo(){
   let a = 1;
   let b = 1;
   
   until(a == 10){
      //println(--b);
      yield a++;
   }
}

let fun = () -> {
   let a = 1;
   let b = 1;
   
   unless(a == 11) {
      until(a == 10){
         //println(--b);
         yield a++;
      }
   }
};

fun().iterator().forEachRemaining(this::print);

let xx = this::println;

println();
println(xx);