
enum Shape {
   S1(1, 1, (n) -> {
      return new Frame(2).add("11").add("11");
   }),
   S2(2, 2, (n) -> {
      switch (n) {
      case 0:
         return new Frame(4).add("1111");
      case 1:
         return new Frame(1).add("1").add("1").add("1").add("1");
      }
      throw new IllegalArgumentException("Invalid frame number: " + n);
   }),
   S3(4, 1, (n) -> {
      switch (n) {
      case 0:
         return new Frame(3).add("010").add("111");
      case 1:
         return new Frame(2).add("10").add("11").add("10");
      case 2:
         return new Frame(3).add("111").add("010");
      case 3:
         return new Frame(2).add("01").add("11").add("01");
      }
      throw new IllegalArgumentException("Invalid frame number: " + n);
   }),
   S4(4, 1, (n) -> {
      switch (n) {
      case 0:
         return new Frame(3).add("100").add("111");
      case 1:
         return new Frame(2).add("11").add("10").add("10");
      case 2:
         return new Frame(3).add("111").add("001");
      case 3:
         return new Frame(2).add("01").add("01").add("11");
      }
      throw new IllegalArgumentException("Invalid frame number: " + n);
   }),
   S5(4, 1, (n) -> {
      switch (n) {
      case 0:
         return new Frame(3).add("001").add("111");
      case 1:
         return new Frame(2).add("10").add("10").add("11");
      case 2:
         return new Frame(3).add("111").add("100");
      case 3:
         return new Frame(2).add("11").add("01").add("01");
      }
      throw new IllegalArgumentException("Invalid frame number: " + n);
   }),
   S6(2, 1, (n) -> {
      switch (n) {
      case 0:
         return new Frame(3).add("110").add("011");
      case 1:
         return new Frame(2).add("01").add("11").add("10");
      }
      throw new IllegalArgumentException("Invalid frame number: " + n);
   }),
   S7(2, 1, (n) -> {
      switch (n) {
      case 0:
         return new Frame(3).add("011").add("110");
      case 1:
         return new Frame(2).add("10").add("11").add("01");

      }
      throw new IllegalArgumentException("Invalid frame number: " + n);
   });
   const frameCount;
   const startMiddleX;
   const frameBuilder;
   
   new(frameCount, startMiddleX, frameBuilder) {
      this.frameCount = frameCount;
      this.startMiddleX = startMiddleX;
      this.frameBuilder = frameBuilder;
   }

   getStartMiddleX() {
      return startMiddleX;
   }
   
   getFrameCount(){
      return frameCount;
   }

   getFrame(n){
      return frameBuilder(n);
   }
}
