import test.TestCaseRunner;

const project = System.getenv("PROJECT_ROOT"); // .project file
const directory = "${project}\\test";

function main(directory) {
   const time = System.currentTimeMillis();
   const runner = new TestCaseRunner(directory);
   
   try {
      runner.runTests();
   }finally {
      const finish = System.currentTimeMillis();
      const duration = finish - time;
      
      println("TIME ${duration} ms");
   }
}
main(directory);