import util.stream.Collectors;

function testFileList(){
   var list = new File(".")
      .listFiles()
      .stream()
      .filter(f -> f.exists())
      .collect(Collectors.toList());
      
   assert !list.isEmpty();
   
   for(var file in list){
      assert file.exists();
      println(file.canonicalPath);
   }
}