import test.TestCase;

class ClassHierarchyTest with TestCase {

   class X{
      new(a:String,b:String){
         println('new X');
      }
      dump(){
         println('X.dump()');
      }
   }
   
   class Y extends X{
      new(a:String){
         println('new Y');
      }
      dump(){
         println('Y.dump()');
      }
   }

   testClassHierarchyFailure(){
      var failure = false;
      
      try {
         var y = new Y('create Y');
         y.dump();
      }catch(e){
         e.printStackTrace();
         failure = true;
      }
      assert failure;
   }
}
