class Score with Comparable {
   var Score;
   new(Score){
      this.Score = Score;
   }
   compareTo(other){
      return Double.compare(Score, other.Score);
   }
   test(){
      println("Score=${this}");
      return this;
   }
   toString(){
      return "${Score}";
   }
}
var x: Score[] = [new Score(1.1), new Score(1.0), new Score(2.0)];
println(x);
var set = new TreeSet(); 
for(var Score in x){
   set.add(Score);
}
println(set);

for(var Score in x){
   println(Score);
}
Arrays.sort(x, (a,b)->a.compareTo(b));
for(var Score in x){
   println(Score);
}
println(Integer[].class);
