try {
   throw true;
}catch(e: Integer){
   println("Integer");
}catch(e: Boolean) {
   println("Boolean");
}catch(e: Exception){
   println("Exception");
}finally {
   println("finally");
}

class Foo{}

try {
   throw new Foo();
}catch(e: Integer){
   println("Integer");
}catch(e: Boolean) {
   println("Boolean");
}catch(e: Exception){
   println("Exception");
}catch(e){
   println("Foo");
}finally {
   println("finally");
}