var x = 0;
var y = 10000000;

for(i in x..10){
   println(i);
}

time("for in", -> {
   for(var i in x .. y -1){
   
   }
});

time("for", -> {
   for(var i = 0; i < y; i++){
      
   }
});

function time(message, func: ()) {
   var s = System.currentTimeMillis();
   func();
   var f = System.currentTimeMillis();
   println("${message}: ${f-s}");
}