import swing.JFrame;

// This is the main entry point..

class GameFrame extends JFrame {
   
   private static const RESOLUTION_WIDTH: Integer = 420;
   private static const RESOLUTION_HEIGHT: Integer = 330;
   private static const RESOLUTION_SCALE: Integer = 1;
   private static const FRAME_WIDTH: Integer = RESOLUTION_WIDTH * RESOLUTION_SCALE;
   private static const FRAME_HEIGHT: Integer = RESOLUTION_HEIGHT * RESOLUTION_SCALE;
   
   private const panel: GamePanel;
   
	public new() {	 
	   this.panel = new GamePanel(RESOLUTION_WIDTH, RESOLUTION_HEIGHT, RESOLUTION_SCALE);
	}
	
	public start(){
	   setSize(FRAME_WIDTH, FRAME_HEIGHT);
	   setResizable(false);
	   setTitle("Game Frame"); 
	   add(panel);
	   setDefaultCloseOperation(EXIT_ON_CLOSE);
	   setVisible(true);
	}
}


